Sparse Matrix-Vector Multiplication (SpMV) Benchmark
Matrix size: 32 x 32
Sparsity: 1 out of 10 entries is non-zero
Non-zero elements: 102 (90.04% sparse)
Iterations: 1
Max value: 1.00
Validation: enabled
Initializing data structures...
Computing reference solution...
Computing SpMV (CPU-only)...
Computation time: 0 ms
Average time per iteration: 0.000 ms
Performance: inf GFLOPS
Validating result...
Validation failed at index 16: reference 1.9825336830e+00, got 1.0413729954e+00 (rel error: 4.7472620296e-01)
Validation: FAILED
[gpuc3:765053] *** Process received signal ***
[gpuc3:765053] Signal: Segmentation fault (11)
[gpuc3:765053] Signal code: Address not mapped (1)
[gpuc3:765053] Failing at address: 0x5751f8000000
corrupted size vs. prev_size
[gpuc3:765054] *** Process received signal ***
[gpuc3:765054] Signal: Aborted (6)
[gpuc3:765054] Signal code:  (-6)
[gpuc3:765053] [ 0] [gpuc3:765054] [ 0] /lib/x86_64-linux-gnu/libc.so.6(+0x45320)[0x742ff4845320]
[gpuc3:765053] [ 1] /lib/x86_64-linux-gnu/libc.so.6(+0x45320)[0x718d4fe45320]
[gpuc3:765054] [ 1] /lib/x86_64-linux-gnu/libc.so.6(pthread_kill+0x11c)[0x718d4fe9eb1c]
[gpuc3:765054] [ 2] /lib/x86_64-linux-gnu/libc.so.6(__libc_free+0x71)[0x742ff48add91]
[gpuc3:765053] [ 2] /lib/x86_64-linux-gnu/libc.so.6(gsignal+0x1e)[0x718d4fe4526e]
[gpuc3:765054] [ 3] /lib/x86_64-linux-gnu/libopen-pal.so.40(+0x53a5c)[0x742ff4b9fa5c]
[gpuc3:765053] [ 3] /lib/x86_64-linux-gnu/libmpi.so.40(ompi_win_finalize+0x199)[0x742ff4fa1419]
[gpuc3:765053] [ 4] /lib/x86_64-linux-gnu/libc.so.6(abort+0xdf)[0x718d4fe288ff]
[gpuc3:765054] [ 4] /lib/x86_64-linux-gnu/libc.so.6(+0x297b6)[0x718d4fe297b6]
[gpuc3:765054] [ 5] /lib/x86_64-linux-gnu/libmpi.so.40(ompi_mpi_finalize+0x605)[0x742ff4fac565]
[gpuc3:765053] [ 5] ./build/spmv(+0x9df9)[0x5751f8860df9]
[gpuc3:765053] [ 6] /lib/x86_64-linux-gnu/libc.so.6(+0xa8fe5)[0x718d4fea8fe5]
[gpuc3:765054] [ 6] /lib/x86_64-linux-gnu/libc.so.6(+0x2a1ca)[0x742ff482a1ca]
[gpuc3:765053] [ 7] /lib/x86_64-linux-gnu/libc.so.6(+0xa9b86)[0x718d4fea9b86]
[gpuc3:765054] [ 7] /lib/x86_64-linux-gnu/libc.so.6(__libc_start_main+0x8b)[0x742ff482a28b]
[gpuc3:765053] [ 8] ./build/spmv(+0xa365)[0x5751f8861365]
[gpuc3:765053] *** End of error message ***
/lib/x86_64-linux-gnu/libc.so.6(+0xa9d1b)[0x718d4fea9d1b]
[gpuc3:765054] [ 8] /lib/x86_64-linux-gnu/libc.so.6(+0xaad95)[0x718d4feaad95]
[gpuc3:765054] [ 9] /lib/x86_64-linux-gnu/libc.so.6(+0xab42a)[0x718d4feab42a]
[gpuc3:765054] [10] /lib/x86_64-linux-gnu/libc.so.6(__libc_free+0x7e)[0x718d4feadd9e]
[gpuc3:765054] [11] /lib/x86_64-linux-gnu/libopen-pal.so.40(+0x75f91)[0x718d50571f91]
[gpuc3:765054] [12] /lib/x86_64-linux-gnu/libmpi.so.40(ompi_comm_finalize+0xf9)[0x718d5060eee9]
[gpuc3:765054] [13] /lib/x86_64-linux-gnu/libmpi.so.40(ompi_mpi_finalize+0x61d)[0x718d5064157d]
[gpuc3:765054] [14] ./build/spmv(+0x9df9)[0x646326202df9]
[gpuc3:765054] [15] /lib/x86_64-linux-gnu/libc.so.6(+0x2a1ca)[0x718d4fe2a1ca]
[gpuc3:765054] [16] /lib/x86_64-linux-gnu/libc.so.6(__libc_start_main+0x8b)[0x718d4fe2a28b]
[gpuc3:765054] [17] ./build/spmv(+0xa365)[0x646326203365]
[gpuc3:765054] *** End of error message ***
--------------------------------------------------------------------------
Primary job  terminated normally, but 1 process returned
a non-zero exit code. Per user-direction, the job has been aborted.
--------------------------------------------------------------------------
--------------------------------------------------------------------------
mpirun noticed that process rank 1 with PID 0 on node gpuc3 exited on signal 6 (Aborted).
--------------------------------------------------------------------------
